// Jest Snapshot v1, https://goo.gl/fbAQLP

exports[`matches snapshot 1`] = `
<DocumentFragment>
  <div
    class="App"
  >
    <nav
      class="NavBar"
    >
      <a
        href="/"
        id="NavBar-logo"
      >
        Jobly
      </a>
      <ul>
        <li>
          <a
            href="/login"
          >
            Login
          </a>
        </li>
      </ul>
    </nav>
    <div
      class="Home"
    >
      <h1>
        Jobly
      </h1>
      <p>
        <a
          class="Home-login"
          href="/login"
        >
          Login
        </a>
      </p>
    </div>
  </div>
</DocumentFragment>
`;
