// Jest Snapshot v1, https://goo.gl/fbAQLP

exports[`matches snapshot 1`] = `
<DocumentFragment>
  <form
    class="Form"
  >
    <div
      class="Form-group"
    >
      <label
        class="Form-label"
        for="username"
      >
        Username
      </label>
      <input
        class="Form-input"
        id="username"
        name="username"
        value=""
      />
    </div>
    <div
      class="Form-group"
    >
      <label
        class="Form-label"
        for="password"
      >
        Password
      </label>
      <input
        class="Form-input"
        id="password"
        name="password"
        type="password"
        value=""
      />
    </div>
    <button
      class="Form-submit"
    >
      Submit
    </button>
  </form>
</DocumentFragment>
`;
